[    0.000000] Initializing cgroup subsys cpuset
[    0.000000] Initializing cgroup subsys cpu
[    0.000000] Initializing cgroup subsys cpuacct
[    0.000000] Linux version 4.4.0-112-generic (buildd@lgw01-amd64-010) (gcc version 5.4.0 20160609 (Ubuntu 5.4.0-6ubuntu1~16.04.5) ) #135-Ubuntu SMP Fri Jan 19 11:48:36 UTC 2018 (Ubuntu 4.4.0-112.135-generic 4.4.98)
[    0.000000] Command line: BOOT_IMAGE=/boot/vmlinuz-4.4.0-112-generic root=LABEL=cloudimg-rootfs ro console=tty1 console=ttyS0
[    0.000000] KERNEL supported cpus:
[    0.000000]   Intel GenuineIntel
[    0.000000]   AMD AuthenticAMD
[    0.000000]   Centaur CentaurHauls
[    0.000000] ------------[ cut here ]------------
[    0.000000] WARNING: CPU: 0 PID: 0 at /build/linux-HSAA8v/linux-4.4.0/arch/x86/kernel/fpu/xstate.c:517 fpu__init_system_xstate+0x38b/0x75a()
[    0.000000] XSAVE consistency problem, dumping leaves
[    0.000000] Modules linked in:
[    0.000000] CPU: 0 PID: 0 Comm: swapper Not tainted 4.4.0-112-generic #135-Ubuntu
[    0.000000]  0000000000000086 524bc8b663531734 ffffffff81e03d80 ffffffff813fc233
[    0.000000]  ffffffff81e03dc8 ffffffff81cab100 ffffffff81e03db8 ffffffff81081f82
[    0.000000]  ffffffff81e03e48 ffffffff81e03e4c 0000000000000008 0000000000000100
[    0.000000] Call Trace:
[    0.000000]  [<ffffffff813fc233>] dump_stack+0x63/0x90
[    0.000000]  [<ffffffff81081f82>] warn_slowpath_common+0x82/0xc0
[    0.000000]  [<ffffffff8108201c>] warn_slowpath_fmt+0x5c/0x80
[    0.000000]  [<ffffffff8107dc20>] ? xfeature_size+0x59/0x77
[    0.000000]  [<ffffffff81f72275>] fpu__init_system_xstate+0x38b/0x75a
[    0.000000]  [<ffffffff81f62120>] ? early_idt_handler_array+0x120/0x120
[    0.000000]  [<ffffffff81f71be0>] fpu__init_system+0x10d/0x245
[    0.000000]  [<ffffffff81f72ce9>] early_cpu_init+0x139/0x13e
[    0.000000]  [<ffffffff81f72ce9>] ? early_cpu_init+0x139/0x13e
[    0.000000]  [<ffffffff81f6e19b>] setup_arch+0xb4/0xcfb
[    0.000000]  [<ffffffff81f62120>] ? early_idt_handler_array+0x120/0x120
[    0.000000]  [<ffffffff81f62c74>] start_kernel+0xe4/0x4a7
[    0.000000]  [<ffffffff81f62120>] ? early_idt_handler_array+0x120/0x120
[    0.000000]  [<ffffffff81f62339>] x86_64_start_reservations+0x2a/0x2c
[    0.000000]  [<ffffffff81f62485>] x86_64_start_kernel+0x14a/0x16d
[    0.000000] ---[ end trace 4d5ff9f2f68c4233 ]---
[    0.000000] CPUID[0d, 00]: eax=00000007 ebx=00000440 ecx=00000440 edx=00000000
[    0.000000] CPUID[0d, 01]: eax=00000000 ebx=000003c0 ecx=00000000 edx=00000000
[    0.000000] CPUID[0d, 02]: eax=00000100 ebx=00000240 ecx=00000000 edx=00000000
[    0.000000] CPUID[0d, 03]: eax=00000000 ebx=00000000 ecx=00000000 edx=00000000
[    0.000000] CPUID[0d, 04]: eax=00000000 ebx=00000000 ecx=00000000 ex=00000000
[    0.000000] CPUID[0d, 05]: eax=00000000 ebx=00000000 ecx=00000000 edx=00000000
[    0.000000] CPUID[0d, 06]: eax=00000000 ebx=00000000 ecx=00000000 edx=00000000
[    0.000000] CPUID[0d, 07]: eax=00000000 ebx=00000000 ecx=00000000 edx=00000000
[    0.000000] CPUID[0d, 08]: eax=00000000 ebx=00000000 ecx=00000000 edx=00000000
[    0.000000] CPUID[0d, 09]: eax=00000000 ebx=00000000 ecx=00000000 edx=00000000
[    0.000000] CPUID[0d, 0a]: eax=00000000 ebx=00000000 ecx=00000000 edx=00000000
[    0.000000] CPUID[0d, 0b]: eax=00000000 ebx=00000000 ecx=00000000 edx=00000000
[    0.000000] CPUID[0d, 0c]: eax=00000000 ebx=00000000 ecx=00000000 edx=00000000
[    0.000000] CPUID[0d, 0d]: eax=00000000 ebx=00000000 ecx=00000000 edx=00000000
[    0.000000] CPUID[0d, 0e]: eax=00000000 ebx=00000000 ecx=00000000 edx=00000000
[    0.000000] CPUID[0d, 0f]: eax=00000000 ebx=00000000 ecx=00000000 edx=00000000
[    0.000000] CPUID[0d, 10]: eax=00000000 ebx=00000000 ecx=00000000 edx=00000000
[    0.000000] CPUID[0d, 11]: eax=00000000 ebx=00000000 ecx=00000000 edx=00000000
[    0.000000] x86/fpu: xstate_offset[2]:  576, xstate_sizes[2]:  256
[    0.000000] x86/fpu: Supporting XSAVE feature 0x01: 'x87 floating point registers'
[    0.000000] x86/fpu: Supporting XSAVE feature 0x02: 'SSE registers'
[    0.000000] x86/fpu: Supporting XSAVE feature 0x04: 'AVX registers'
[    0.000000] x86/fpu: Enabled xstate features 0x7, context size is 1088 bytes, using 'standard' format.
[    0.000000] x86/fpu: Using 'lazy' FPU context switches.
[    0.000000] e820: BIOS-provided physical RAM map:
[    0.000000] BIOS-e820: [mem 0x0000000000000000-0x000000000009fbff] usable
[    0.000000] BIOS-e820: [mem 0x000000000009fc00-0x000000000009ffff] reserved
[    0.000000] BIOS-e820: [mem 0x00000000000f0000-0x00000000000fffff] reserved
[    0.000000] BIOS-e820: [mem 0x0000000000100000-0x000000003ffeffff] usable
[    0.000000] BIOS-e820: [mem 0x000000003fff0000-0x000000003fffffff] ACPI data
[    0.000000] BIOS-e820: [mem 0x00000000fec00000-0x00000000fec00fff] reserved
[    0.000000] BIOS-e820: [mem 0x00000000fee00000-0x00000000fee00fff] reserved
[    0.000000] BIOS-e820: [mem 0x00000000fffc0000-0x00000000ffffffff] reserved
[    0.000000] NX (Execute Disable) protection: active
[    0.000000] SMBIOS 2.5 present.
[    0.000000] Hypervisor detected: KVM
[    0.000000] e820: last_pfn = 0x3fff0 max_arch_pfn = 0x400000000
[    0.000000] MTRR: Disabled
[    0.000000] x86/PAT: MTRRs disabled, skipping PAT initialization too.
[    0.000000] CPU MTRRs all blank - virtualized system.
[    0.000000] x86/PAT: Configuration [0-7]: WB  WT  UC- UC  WB  WT  UC- UC  
[    0.000000] found SMP MP-table at [mem 0x0009fff0-0x0009ffff] mapped at [ffff88000009fff0]
[    0.000000] Scanning 1 areas for low memory corruption
[    0.000000] RAMDISK: [mem 0x36adc000-0x37565fff]
[    0.000000] ACPI: Early table checksum verification disabled
[    0.000000] ACPI: RSDP 0x00000000000E0000 000024 (v02 VBOX  )
[    0.000000] ACPI: XSDT 0x000000003FFF0030 00003C (v01 VBOX   VBOXXSDT 00000001 ASL  00000061)
[    0.000000] ACPI: FACP 0x000000003FFF00F0 0000F4 (v04 VBOX   VBOXFACP 00000001 ASL  00000061)
[    0.000000] ACPI: DSDT 0x000000003FFF0470 0021FF (v02 VBOX   VBOXBIOS 00000002 INTL 20170728)
[    0.000000] ACPI: FACS 0x000000003FFF0200 000040
[    0.000000] ACPI: FACS 0x000000003FFF0200 000040
[    0.000000] ACPI: APIC 0x000000003FFF0240 00005C (v02 VBOX   VBOXAPIC 00000001 ASL  00000061)
[    0.000000] ACPI: SSDT 0x000000003FFF02A0 0001CC (v01 VBOX   VBOXCPUT 00000002 INTL 20170728)
[    0.000000] No NUMA configuration found
[    0.000000] Faking a node at [mem 0x0000000000000000-0x000000003ffeffff]
[    0.000000] NODE_DATA(0) allocated [mem 0x3ffeb000-0x3ffeffff]
[    0.000000] kvm-clock: Using msrs 4b564d01 and 4b564d00
[    0.000000] kvm-clock: cpu 0, msr 0:3ffe3001, primary cpu clock
[    0.000000] kvm-clock: using sched offset of 3186122750 cycles
[    0.000000] clocksource: kvm-clock: mask: 0xffffffffffffffff max_cycles: 0x1cd42e4dffb, max_idle_ns: 881590591483 ns
[    0.000000] Zone ranges:
[    0.000000]   DMA      [mem 0x0000000000001000-0x0000000000ffffff]
[    0.000000]   DMA32    [mem 0x0000000001000000-0x000000003ffeffff]
[    0.000000]   Normal   empty
[    0.000000]   Device   empty
[    0.000000] Movable zone start for each node
[    0.000000] Early memory node ranges
[    0.000000]   node   0: [mem 0x0000000000001000-0x000000000009efff]
[    0.000000]   node   0: [mem 0x0000000000100000-0x000000003ffeffff]
[    0.000000] Initmem setup node 0 [mem 0x0000000000001000-0x000000003ffeffff]
[    0.000000] ACPI: PM-Timer IO Port: 0x4008
[    0.000000] IOAPIC[0]: apic_id 2, version 32, address 0xfec00000, GSI 0-23
[    0.000000] ACPI: INT_SRC_OVR (bus 0 bus_irq 0 global_irq 2 dfl dfl)
[    0.000000] ACPI: INT_SRC_OVR (bus 0 bus_irq 9 global_irq 9 high level)
[    0.000000] Using ACPI (MADT) for SMP configuration information
[    0.000000] smpboot: Allowing 2 CPUs, 0 hotplug CPUs
[    0.000000] PM: Registered nosave memory: [mem 0x00000000-0x00000fff]
[    0.000000] PM: Registered nosave memory: [mem 0x0009f000-0x0009ffff]
[    0.000000] PM: Registered nosave memory: [mem 0x000a0000-0x000effff]
[    0.000000] PM: Registered nosave memory: [mem 0x000f0000-0x000fffff]
[    0.000000] e820: [mem 0x40000000-0xfebfffff] available fr PCI devices
[    0.000000] Booting paravirtualized kernel on KVM
[    0.000000] clocksource: refined-jiffies: mask: 0xffffffff max_cycles: 0xffffffff, max_idle_ns: 7645519600211568 ns
[    0.000000] setup_percpu: NR_CPUS:512 nr_cpumask_bits:512 nr_cpu_ids:2 nr_node_ids:1
[    0.000000] PERCPU: Embedded 34 pages/cpu @ffff88003fc00000 s99544 r8192 d31528 u1048576
[    0.000000] PV qspinlock hash table entries: 256 (order: 0, 4096 bytes)
[    0.000000] Built 1 zonelists in Node order, mobility grouping on.  Total pages: 257913
[    0.000000] Policy zone: DMA32
[    0.000000] Kernel command line: BOOT_IMAGE=/boot/vmlinuz-4.4.0-112-generic root=LABEL=cloudimg-rootfs ro console=tty1 console=ttyS0
[    0.000000] PID hash table entries: 4096 (order: 3, 32768 bytes)
[    0.000000] Memory: 1001740K/1048120K available (8499K kernel code, 1309K rwdata, 3988K rodata, 1508K init, 1316K bss, 46380K reserved, 0K cma-reserved)
[    0.000000] SLUB: HWalign=64, Order=0-3, MinObjects=0, CPUs=2, Nodes=1
[    0.000000] Kernel/User page tables isolation: enabled
[    0.000000] Hierarchical RCU implementation.
[    0.000000] 	Build-time adjustment of leaf fanout to 64.
[    0.000000] 	RCU restricting CPUs from NR_CPUS=512 to nr_cpu_ids=2.
[    0.000000] RCU: Adjusting geometry for rcu_fanout_leaf=64, nr_cpu_ids=2
[    0.000000] NR_IRQS:33024 nr_irqs:440 16
[    0.000000] Console: colour VGA+ 80x25
[    0.000000] console [tty1] enabled
[    0.000000] console [ttyS0] enabled
[    0.000000] tsc: Detected 3408.000 MHz processor
[    1.376606] Calibrating delay loop (skipped) preset value.. 6816.00 BogoMIPS (lpj=13632000)
[    1.378342] pid_max: default: 32768 minimum: 301
[    1.384683] ACPI: Core revision 20150930
[    1.408276] ACPI: 2 ACPI AML tables successfully acquired and loaded
[    1.430025] Security Framework initialized
[    1.430880] Yama: becoming mindful.
[    1.455056] AppArmor: AppArmor initialized
[    1.465020] Dentry cache hash table entries: 131072 (order: 8, 1048576 bytes)
[    1.541036] Inode-cache hash table entries: 65536 (order: 7, 524288 bytes)
[    1.599702] Mount-cache hash table entries: 2048 (order: 2, 16384 bytes)
[    1.680447] Mountpoint-cache hash table entries: 2048 (order: 2, 16384 bytes)
[    1.686940] Initializing cgroup subsys io
[    1.687644] Initializing cgroup subsys memory
[    1.699566] Initializing cgroup subsys devices
[    1.751435] Initializing cgroup subsys freezer
[    1.769583] Initializing cgroup subsys net_cls
[    1.770358] Initializing cgroup subsys perf_event
[    1.772265] Initializing cgroup subsys net_prio
[    1.773059] Initializing cgroup subsys hugetlb
[    1.777445] Initializing cgroup subsys pids
[    1.778284] CPU: Physical Processor ID: 0
[    1.784488] CPU: Processor Core ID: 0
[    1.785189] FEATURE SPEC_CTRL Not Present
[    1.786898] mce: CPU supports 0 MCE banks
[    1.805499] Last level iTLB entries: 4KB 64, 2MB 8, 4MB 8
[    1.816708] Last level dTLB entries: 4KB 64, 2MB 0, 4MB 0, 1GB 4
[    1.859991] Freeing SMP alternatives memory: 32K
[    1.908555] ftrace: allocating 32180 entries in 126 pages
[    1.998898] smpboot: APIC(0) Converting physical 0 to logical package 0
[    2.026134] smpboot: Max logical packages: 1
[    2.026990] x2apic enabled
[    2.027616] Switched APIC routing to physical x2apic.
[    2.029185] ..TIMER: vector=0x30 apic1=0 pin1=2 apic2=-1 pin2=-1
[    2.159717] smpboot: CPU0: Intel(R) Core(TM) i7-6700 CPU @ 3.40GHz (family: 0x6, model: 0x5e, stepping: 0x3)
[    2.199359] Performance Events: unsupported p6 CPU model 94 no PMU driver, software events only.
[    2.200663] KVM setup paravirtual spinlock
[    2.201743] x86: Booting SMP configuration:
[    2.202286] .... node  #0, CPUs:      #1
[    2.202902] kvm-clock: cpu 1, msr 0:3ffe3041, secondary cpu clock
[    2.213396] mce: CPU supports 0 MCE banks
[    2.215812] x86: Booted up 1 node, 2 CPUs
[    2.216562] smpboot: Total of 2 processors activated (13632.00 BogoMIPS)
[    2.217697] devtmpfs: initialized
[    2.220472] evm: security.selinux
[    2.230094] evm: security.SMACK64
[    2.244917] evm: security.SMACK64EXEC
[    2.245563] evm: security.SMACK64TRANSMUTE
[    2.251943] evm: security.SMACK64MMAP
[    2.262987] evm: security.ima
[    2.263421] evm: security.capability
[    2.269481] clocksource: jiffies: mask: 0xffffffff max_cycles: 0xffffffff, max_idle_ns: 7645041785100000 ns
[    2.270992] futex hash table entries: 512 (order: 3, 32768 bytes)
[    2.272497] pinctrl core: initialized pinctrl subsystem
[    2.273859] RTC time: 16:15:00, date: 02/21/18
[    2.274833] NET: Registered protocol family 16
[    2.307843] cpuidle: using governor ladder
[    2.335952] cpuidle: using governor menu
[    2.424104] PCCT header not found.
[    2.436266] ACPI: bus type PCI registered
[    2.461473] acpiphp: ACPI Hot Plug PCI Controller Driver version: 0.5
[    2.462435] PCI: Using configuration type 1 for base access
[    2.494206] ACPI: Added _OSI(Module Device)
[    2.609642] ACPI: Added _OSI(Processor Device)
[    2.725578] ACPI: Added _OSI(3.0 _SCP Extensions)
[    2.848159] ACPI: Added _OSI(Processor Aggregator Device)
[    2.876648] ACPI: Executed 1 blocks of module-level executable AML code
[    2.893682] ACPI: Interpreter enabled
[    2.925417] ACPI: (supports S0 S5)
[    2.926075] ACPI: Using IOAPIC for interrupt routing
[    2.948360] PCI: Using host bridge windows from ACPI; if necessary, use "pci=nocrs" and report a bug
[    2.965017] ACPI: PCI Root Bridge [PCI0] (domain 0000 [bus 00-ff])
[    3.025454] acpi PNP0A03:00: _OSC: OS supports [ASPM ClockPM Segments MSI]
[    3.026331] acpi PNP0A03:00: _OSC: not requesting OS control; OS requires [ExtendedConfig ASPM ClockPM MSI]
[    3.027617] acpi PNP0A03:00: fail to add MMCONFIG information, can't access extended PCI configuration space under this bridge.
[    3.067988] PCI host bridge to bus 0000:00
[    3.082656] pci_bus 0000:00: root bus resource [io  0x0000-0x0cf7 window]
[    3.084498] pci_bus 0000:00: root bus resource [io  0x0d00-0xffff window]
[    3.085253] pci_bus 0000:00: root bus resource [mem 0x000a0000-0x000bffff window]
[    3.086319] pci_bus 0000:00: root bus resource [mem 0x40000000-0xffdfffff window]
[    3.087467] pci_bus 0000:00: root bus resource [bus 00-ff]
[    3.089286] pci 0000:00:01.1: legacy IDE quirk: reg 0x10: [io  0x01f0-0x01f7]
[    3.104083] pci 0000:00:01.1: legacy IDE quirk: reg 0x14: [io  0x03f6]
[    3.104819] pci 0000:00:01.1: legacy IDE quirk: reg 0x18: [io  0x0170-0x0177]
[    3.105614] pci 0000:00:01.1: legacy IDE quirk: reg 0x1c: [io  0x0376]
[    3.122704] pci 0000:00:07.0: quirk: [io  0x4000-0x403f] claimed by PIIX4 ACPI
[    3.198798] pci 0000:00:07.0: quirk: [io  0x4100-0x410f] claimed by PIIX4 SMB
[    3.228348] ACPI: PCI Interrupt Link [LNKA] (IRQs 5 9 10 *11)
[    3.234713] ACPI: PCI Interrupt Link [LNKB] (IRQs 5 9 10 *11)
[    3.293621] ACPI: PCI Interrupt Link [LNKC] (IRQs 5 9 *10 11)
[    3.294607] ACPI: PCI Interrupt Link [LNKD] (IRQs 5 *9 10 11)
[    3.354309] ACPI: Enabled 2 GPEs in block 00 to 07
[    3.369803] vgaarb: setting as boot device: PCI:0000:00:02.0
[    3.398700] vgaarb: device added: PCI:0000:00:02.0,decodes=io+mem,owns=io+mem,locks=none
[    3.399841] vgaarb: loaded
[    3.400312] vgaarb: bridge control possible 0000:00:02.0
[    3.401245] SCSI subsystem initialized
[    3.408557] ACPI: bus type USB registered
[    3.409158] usbcore: registered new interface driver usbfs
[    3.409880] usbcore: registered new interface driver hub
[    3.410597] usbcore: registered new device driver usb
[    3.412104] PCI: Using ACPI for IRQ routing
[    3.417848] NetLabel: Initializing
[    3.475908] NetLabel:  domain hash size = 128
[    3.559299] NetLabel:  protocols = UNLABELED CIPSOv4
[    3.625321] NetLabel:  unlabeled traffic allowed by default
[    3.673725] amd_nb: Cannot enumerate AMD northbridges
[    3.682926] clocksource: Switched to clocksource kvm-clock
[    3.702722] AppArmor: AppArmor Filesystem Enabled
[    3.781127] pnp: PnP ACPI init
[    3.825417] pnp: PnP ACPI: found 3 devices
[    3.854605] clocksource: acpi_pm: mask: 0xffffff max_cycles: 0xffffff, max_idle_ns: 2085701024 ns
[    3.887604] NET: Registered protocol family 2
[    3.919816] TCP established hash table entries: 8192 (order: 4, 65536 bytes)
[    4.033844] TCP bind hash table entries: 8192 (order: 5, 131072 bytes)
[    4.053816] TCP: Hash tables configured (established 8192 bind 8192)
[    4.054598] UDP hash table entries: 512 (order: 2, 16384 bytes)
[    4.055317] UDP-Lite hash table entries: 512 (order: 2, 16384 bytes)
[    4.056126] NET: Registered protocol family 1
[    4.056748] pci 0000:00:00.0: Limiting direct PCI/PCI transfers
[    4.058587] pci 0000:00:01.0: Activating ISA DMA hang workarounds
[    4.059490] Unpacking initramfs...
[    5.529838] Freeing initrd memory: 10792K
[    5.531490] platform rtc_cmos: registered platform RTC device (no PNP device found)
[    5.533825] Scanning for low memory corruption every 60 seconds
[    5.538461] audit: initializing netlink subsys (disabled)
[    5.540175] audit: type=2000 audit(1519229704.923:1): initialized
[    5.548507] Initialise system trusted keyring
[    5.552693] HugeTLB registered 2 MB page size, pre-allocated 0 pages
[    5.649265] zbud: loaded
[    5.662178] VFS: Disk quotas dquot_6.6.0
[    5.668141] VFS: Dquot-cache hash table entries: 512 (order 0, 4096 bytes)
[    5.669244] squashfs: version 4.0 (2009/01/31) Phillip Lougher
[    5.670310] fuse init (API version 7.23)
[    5.717834] Key type big_key registered
[    5.765094] Allocating IMA MOK and blacklist keyrings.
[    5.840132] Key type asymmetric registered
[    5.848588] Asymmetric key parser 'x509' registered
[    5.849293] Block layer SCSI generic (bsg) driver version 0.4 loaded (major 249)
[    5.850419] io scheduler noop registered
[    5.850999] io scheduler deadline registered (default)
[    5.851720] io scheduler cfq registered
[    5.852359] pci_hotplug: PCI Hot Plug PCI Core version: 0.5
[    5.854361] pciehp: PCI Express Hot Plug Controller Driver version: 0.4
[    5.910293] ACPI: AC Adapter [AC] (on-line)
[    5.927019] input: Power Button as /devices/LNXSYSTM:00/LNXPWRBN:00/input/input0
[    6.027466] ACPI: Power Button [PWRF]
[    6.080397] input: Sleep Button as /devices/LNXSYSTM:00/LNXSLPBN:00/input/input1
[    6.085087] ACPI: Sleep Button [SLPF]
[    6.085849] GHES: HEST is not enabled!
[    6.100695] Serial: 8250/16550 driver, 32 ports, IRQ sharing enabled
[    6.165844] 00:02: ttyS0 at I/O 0x3f8 (irq = 4, base_baud = 115200) is a 16550A
[    6.202587] Linux agpgart interface v0.103
[    6.261633] loop: module loaded
[    6.268252] scsi host0: ata_piix
[    6.277073] scsi host1: ata_piix
[    6.284774] ata1: PATA max UDMA/33 cmd 0x1f0 ctl 0x3f6 bmdma 0xd000 irq 14
[    6.285794] ata2: PATA max UDMA/33 cmd 0x170 ctl 0x376 bmdma 0xd008 irq 15
[    6.299010] libphy: Fixed MDIO Bus: probed
[    6.313175] tun: Universal TUN/TAP device driver, 1.6
[    6.314053] tun: (C) 1999-2004 Max Krasnyansky <maxk@qualcomm.com>
[    6.318280] PPP generic driver version 2.4.2
[    6.323443] ehci_hcd: USB 2.0 'Enhanced' Host Controller (EHCI) Driver
[    6.350278] ehci-pci: EHCI PCI platform driver
[    6.379366] ehci-platform: EHCI generic platform driver
[    6.394312] ohci_hcd: USB 1.1 'Open' Host Controller (OHCI) Driver
[    6.395127] ohci-pci: OHCI PCI platform driver
[    6.395770] ohci-platform: OHCI generic platform driver
[    6.396467] uhci_hcd: USB Universal Host Controller Interface driver
[    6.397321] i8042: PNP: PS/2 Controller [PNP0303:PS2K,PNP0f03:PS2M] at 0x60,0x64 irq 1,12
[    6.398816] serio: i8042 KBD port at 0x60,0x64 irq 1
[    6.399510] serio: i8042 AUX port at 0x60,0x64 irq 12
[    6.413350] mousedev: PS/2 mouse device common for all mice
[    6.420794] input: AT Translated Set 2 keyboard as /devices/platform/i8042/serio0/input/input2
[    6.427284] rtc_cmos rt_ccmos: rtc core:rregistered rtc_cmos as rtc0
[    6.427356] rtc_cmos rtc_cmos: alarms up to one day, 114 bytes nvram
[    6.427364] i2c /dev entries driver
[    6.427422] device-mapper: uevent: version 1.0.3
[    6.427474] device-mapper: ioctl: 4.34.0-ioctl (2015-10-28) initialised: dm-devel@redhat.com
[    6.427498] ledtrig-cpu: registered to indicate activity on CPUs
[    6.427760] NET: Registered protocol family 10
[    6.427899] NET: Registered protocol family 17
[    6.427908] Key type dns_resolver registered
[    6.709585] microcode: CPU0 sig=0x506e3, pf=0x2, revision=0x0
[    6.709725] microcode: CPU1 sig=0x506e3, pf=0x2, revision=0x0
[    6.709774] microcode: Microcode Update Driver: v2.01 <tigran@aivazian.fsnet.co.uk>, Peter Oruba
[    6.709870] registered taskstats version 1
[    6.709880] Loading compiled-in X.509 certificates
[    6.710419] Loaded X.509 cert 'Build time autogenerated kernel key: 4c603087bab8f0a02cb3b4e1fb4c40f507e71ef1'
[    6.710442] zswap: loaded using pool lzo/zbud
[    6.712482] Key type trusted registered
[    6.715780] Key type encrypted registered
[    6.715792] AppArmor: AppArmor sha1 policy hashing enabled
[    6.715796] ima: No TPM chip found, activating TPM-bypass!
[    6.715829] evm: HMAC attrs: 0x1
[    6.716149]   Magic number: 6:968:287
[    6.716198] tty tty20: hash matches
[    6.716211] acpi PNP0400:00 hash matches
[    6.909447] rtc_cmos rtc_cmos: setting system clock to 2018-02-21 16:15:04 UTC (1519229704)
[    6.909536] BIOS EDD facility v0.16 2004-Jun-25, 0 devices found
[    6.909536] EDD information not available.
[    7.553362] tsc: Refined TSC clocksource calibration: 3408.094 MHz
[    7.554216] Freeing unused kernel memory: 1508K
[    7.554217] Write protecting the kernel read-only data: 14336k
[    7.556610] clocksource: tsc: mask: 0xffffffffffffffff max_cycles: 0x31202cc47c0, max_idle_ns: 440795231130 ns
[    7.559191] Freeing unused kernel memory: 1728K
[    7.564005] Freeing unused kernel memory: 108K
Loading, please wait...
starting version[    7.585217] random: systemd-udevd: uninitialized urandom read (16 bytes read, 5 bits of entropy available)
 229
[    7.585667] random: udevadm: uninitialized urandom read (16 bytes read, 5 bits of entropy available)
[    7.585685] random: udevadm: uninitialized urandom read (16 bytes read, 5 bits of entropy available)
[    7.594845] random: udevadm: uninitialized urandom read (16 bytes read, 5 bits of entropy available)
[    7.594882] random: udevadm: uninitialized urandom read (16 bytes read, 5 bits of entropy available)
[    7.595013] random: udevadm: uninitialized urandom read (16 bytes read, 5 bits of entropy available)
[    7.595064] random: udevadm: uninitialized urandom read (16 bytes read, 5 bits of entropy available)
[    7.595121] random: udevadm: uninitialized urandom read (16 bytes read, 5 bits of entropy available)
[    7.595172] random: udevadm: uninitialized urandom read (16 bytes read, 5 bits of entropy available)
[    7.595220] random: udevadm: uninitialized urandom read (16 bytes read, 5 bits of entropy available)
[    7.689776] e1000: Intel(R) PRO/1000 Network Driver - version 7.3.21-k8-NAPI
[    8.039317] e1000: Copyright (c) 1999-2006 Intel Corporation.
[    8.359377] Fusion MPT base driver 3.04.20
[    8.371307] Copyright (c) 1999-2008 LSI Corporation
[    8.384615] AVX version of gcm_enc/dec engaged.
[    8.547868] AES CTR mode by8 optimization enabled
[    8.586707] Fusion MPT SPI Host driver 3.04.20
[    8.588097] input: ImExPS/2 Generic Explorer Mouse as /devices/platform/i8042/serio1/input/input4
[    8.933775] e1000 0000:00:03.0 eth0: (PCI:33MHz:32-bit) 02:1f:2a:60:99:e3
[    9.023483] e1000 0000:00:03.0 eth0: Intel(R) PRO/1000 Network Connection
[    9.063120] mptbase: ioc0: Initiating bringup
[    9.071338] e1000 0000:00:03.0 enp0s3: renamed from eth0
[    9.135158] ioc0: LSI53C1030 A0: Capabilities={Initiator}
[    9.324462] scsi host2: ioc0: LSI53C1030 A0, FwRev=00000000h, Ports=1, MaxQ=256, IRQ=20
[    9.459224] scsi 2:0:0:0: Direct-Access     VBOX     HARDDISK         1.0  PQ: 0 ANSI: 5
[    9.465779] scsi target2:0:0: Beginning Domain Validation
[    9.480010] scsi target2:0:0: Domain Validation skipping write tests
[    9.569959] scsi target2:0:0: Ending Domain Validation
[    9.641765] scsi target2:0:0: asynchronous
[    9.696109] scsi 2:0:1:0: Direct-Access     VBOX     HARDDISK         1.0  PQ: 0 ANSI: 5
[    9.704981] scsi target2:0:1: Beginning Domain Validation
[    9.706367] scsi target2:0:1: Domain Validation skipping write tests
[    9.707143] scsi target2:0:1: Ending Domain Validation
[    9.727012] scsi target2:0:1: asynchronous
[    9.757593] sd 2:0:0:0: Attached scsi generic sg0 type 0
[    9.760606] sd 2:0:1:0: Attached scsi generic sg1 type 0
[    9.760809] sd 2:0:0:0: [sda] 20971520 512-byte logical blocks: (10.7 GB/10.0 GiB)
[    9.840462] sd 2:0:1:0: [sdb] 20480 512-byte logical blocks: (10.5 MB/10.0 MiB)
[    9.842025] sd 2:0:1:0: [sdb] Write Protect is off
[    9.842041] sd 2:0:0:0: [sda] Write Protect is off
[    9.843410] sd 2:0:0:0: [sda] Incomplete mode parameter data
[    9.843487] sd 2:0:1:0: [sdb] Incomplete mode parameter data
[    9.843488] sd 2:0:1:0: [sdb] Assuming drive cache: write through
[    9.846255] sd 2:0:1:0: [sdb] Attached SCSI disk
[    9.854419] sd 2:0:0:0: [sda] Assuming drive cache: write through
[    9.857506]  sda: sda1
[    9.858789] sd 2:0:0:0: [sda] Attached SCSI disk
[   11.367116] floppy0: no floppy controllers found
Begin: Loading e[   12.643840] md: linear personality registered for level -1
ssential drivers ... [   12.751955] md: multipath personality registered for level -4
[   12.754812] md: raid0 personality registered for level 0
[   12.825633] md: raid1 personality registered for level 1
[   12.969029] raid6: sse2x1   gen() 10014 MB/s
[   13.070575] raid6: sse2x1   xor()  7008 MB/s
[   13.288996] raid6: sse2x2   gen() 11168 MB/s
[   13.378572] raid6: sse2x2   xor()  8616 MB/s
[   13.455349] raid6: sse2x4   gen() 11177 MB/s
[   13.535046] raid6: sse2x4   xor()  9762 MB/s
[   13.559676] raid6: using algorithm sse2x4 gen() 11177 MB/s
[   13.565115] raid6: .... xor() 9762 MB/s, rmw enabled
[   13.565784] raid6: using ssse3x2 recovery algorithm
[   13.567975] xor: automatically using best checksumming function:
[   13.610972]    avx       : 20752.000 MB/sec
[   13.666605] async_tx: api initialized (async)
[   13.709594] md: raid6 personality registered for level 6
[   13.739798] md: raid5 personality registered for level 5
[   13.760041] md: raid4 personality registered for level 4
[   13.779565] md: raid10 personality registered for level 10
done.
Begin: Running /scripts/init-premount ... done.
Begin: Mounting root file system ... Begin: Ru[   13.865193] Btrfs loaded
nning /scripts/local-top ... done.
Begin: Running /scripts/local-premount ... Scanning for Btrfs filesystems
done.
Warning: fsck no[   13.981483] EXT4-fs (sda1): mounted filesystem with ordered data mode. Opts: (null)
t present, so skipping root file system
done.
Begin: Running /scripts/local-bottom ... done.
Begin: Running /scripts/init-bottom ... done.
[   14.068921] systemd[1]: systemd 229 running in system mode. (+PAM +AUDIT +SELINUX +IMA +APPARMOR +SMACK +SYSVINIT +UTMP +LIBCRYPTSETUP +GCRYPT +GNUTLS +ACL +XZ -LZ4 +SECCOMP +BLKID +ELFUTILS +KMOD -IDN)
[   14.161595] systemd[1]: Detected virtualization oracle.
[   14.176621] systemd[1]: Detected architecture x86-64.

Welcome to [1mUbuntu 16.04.3 LTS[0m!

[   14.183617] systemd[1]: Set hostname to <ubuntu-xenial>.
[   14.287028] systemd[1]: Reached target Encrypted Volumes.
[[0;32m  OK  [0m] Reached target Encrypted Volumes.
[   14.347567] systemd[1]: Listening on udev Control Socket.
[[0;32m  OK  [0m] Listening on udev Control Socket.
[   14.349154] systemd[1]: Listening on /dev/initctl Compatibility Named Pipe.
[[0;32m  OK  [0m] Listening on /dev/initctl Compatibility Named Pipe.
[   14.351021] systemd[1]: Listening on Device-mapper event daemon FIFOs.
[[0;32m  OK  [0m] Listening on Device-mapper event daemon FIFOs.
[   14.352759] systemd[1]: Listening on udev Kernel Socket.
[[0;32m  OK  [0m] Listening on udev Kernel Socket.
[   14.355243] systemd[1]: Started Trigger resolvconf update for networkd DNS.
[[0;32m  OK  [0m] Started Trigger resolvconf update for networkd DNS.
[   14.357345] systemd[1]: Created slice User and Session Slice.
[[0;32m  OK  [0m] Created slice User and Session Slice.
[   14.360153] systemd[1]: Started Forward Password Requests to Wall Directory Watch.
[[0;32m  OK  [0m] Started Forward Password Requests to Wall Directory Watch.
[   14.362506] systemd[1]: Created slice System Slice.
[[0;32m  OK  [0m] Created slice System Slice.
[   14.365325] systemd[1]: Created slice system-serial\x2dgetty.slice.
[[0;32m  OK  [0m] Created slice system-serial\x2dgetty.slice.
[   14.367049] systemd[1]: Reached target Slices.
[[0;32m  OK  [0m] Reached target Slices.
[   14.368470] systemd[1]: Listening on LVM2 metadata daemon socket.
[[0;32m  OK  [0m] Listening on LVM2 metadata daemon socket.
[   14.370137] systemd[1]: Reached target Swap.
[[0;32m  OK  [0m] Reached target Swap.
[   14.371547] systemd[1]: Listening on Journal Socket (/dev/log).
[[0;32m  OK  [0m] Listening on Journal Socket (/dev/log).
[   14.373191] systemd[1]: Reached target User and Group Name Lookups.
[[0;32m  OK  [0m] Reached target User and Group Name Lookups.
[   14.375040] systemd[1]: Set up automount Arbitrary Executable File Formats File System Automount Point.
[[0;32m  OK  [0m] Set up automount Arbitrary Executab...ats File System Automount Point.
[   14.377377] systemd[1]: Listening on LVM2 poll daemon socket.
[[0;32m  OK  [0m] Listening on LVM2 poll daemon socket.
[   14.380214] systemd[1]: Listening on Journal Audit Socket.
[[0;32m  OK  [0m] Listening on Journal Audit Socket.
[   14.385803] systemd[1]: Listening on Journal Socket.
[[0;32m  OK  [0m] Listening on Journal Socket.
[   14.399112] systemd[1]: Mounting POSIX Message Queue File System...
         Mounting POSIX Message Queue File System...
[   14.407902] systemd[1]: Starting Set console keymap...
         Starting Set console keymap...
[   14.410947] systemd[1]: Mounting Huge Pages File System...
         Mounting Huge Pages File System...
[   14.416011] systemd[1]: Starting Monitoring of LVM2 mirrors, snapshots etc. using dmeventd or progress polling...
         Starting Monitoring of LVM2 mirrors... dmeventd or progress polling...
[   14.420116] systemd[1]: Starting Nameserver information manager...
         Starting Nameserver information manager...
[   14.425677] systemd[1]: Mounting Debug File System...
         Mounting Debug File System...
[   14.439875] systemd[1]: Starting Remount Root and Kernel File Systems...
         Starting Remount[   14.446256] EXT4-fs (sda1): re-mounted. Opts: (null)
 Root and Kernel File Systems...
[   14.531484] systemd[1]: Starting Load Kernel Modules...
         [   14.669602] Loading iSCSI transport class v2.0-870.
Starting Load Ke[   14.717271] iscsi: registered transport (tcp)
rnel Modules...
[   14.811476] random: nonblocking pool is initialized
[   14.827420] systemd[1]: Starting Create list of required static device nodes for the current kernel...
         Starting Create list of required st... nodes for the current kernel...
[   15.054345] systemd[1]: Starting Uncomplicated firewall...
         Starting Uncomplicated firewall...
[   15.105624] systemd[1]: Listening on Syslog Socket.
[[0;32m  OK  [0m] Listening on Syslog Socket.
[   15.111049] systemd[1]: Starting Journal Service...
         Starting Journal Service...
[   15.116077] iscsi: registered transport (iser)
[   15.117493] systemd[1]: Mounted Huge Pages File System.
[[0;32m  OK  [0m] Mounted Huge Pages File System.
[   15.100771]sssstedd11]:MMouttdd Dbbug File System.
[[0;32m  OK  [0m] Mounted Debug File System.
[   15.481181] systemd[1]: Mounted POSIX Message Queue File System.
[[0;32m  OK  [0m] Mounted POSIX Message Queue File System.
[   15.518661] systemd[1]: Started Journal Service.
[[0;32m  OK  [0m] Started Journal Service.
[[0;32m  OK  [0m] Started Set console keymap.
[[0;32m  OK  [0m] Started Remount Root and Kernel File Systems.
[[0;32m  OK  [0m] Started Load Kernel Modules.
[[0;32m  OK  [0m] Started Create list of required sta...ce nodes for the current kernel.
[[0;32m  OK  [0m] Started Uncomplicated firewall.
[[0;32m  OK  [0m] Started Nameserver information manager.
[[0;32m  OK  [0m] Started LVM2 metadata daemon.
         Starting Create Static Device Nodes in /dev...
         Starting Apply Kernel Variables...
         Mounting FUSE Control File System...
         Starting Initial cloud-init job (pre-networking)...
         Starting udev Coldplug all Devices...
         Starting Load/Save Random Seed...
         Starting Flush Journal to Persistent Storage...
[[0;32m  OK  [0m] Mounted FUSE Control File System.
[[0;32m  OK  [0m] Started Create Static Device Nodes in /dev.
[[0;32m  OK  [0m] Started Apply Kernel Variables.
[[0;32m  OK  [0m] Started Load/Save Random Seed.
[[0;32m  OK  [0m] Started udev Coldplug all Devices.
[[0;32m  OK  [0m] Started Monitoring of LVM2 mirrors,...ng dmeventd or progress polling.
[[0;32m  OK  [0m] Started Flush Journal to Persistent Storage.
         Starting udev Kernel Device Manager...
[[0;32m  OK  [0m] Started udev Kernel Device Manager.
[[0;32m  OK  [0m] Started Dispatch Password Requests to Console Directory Watch.
[[0;32m  OK  [0m] Reached target Local File Systems (Pre).
[[0;32m  OK  [0m] Reached target Local File Systems.
         Starting Create Volatile Files and Directories...
         Starting Tell Plymouth To Write Out Runtime Data...
         Starting Set console font and keymap...
         Starting LSB: AppArmor initialization...
[[0;32m  OK  [0m] Started Create Volatile Files and Directories.
[[0;32m  OK  [0m] Started Tell Plymouth To Write Out Runtime Data.
[   13.250854] cloud-init[459]: Cloud-init v. 17.1 running 'init-local' at Wed, 21 Feb 2018 16:15:14 +0000. Up 13.02 seconds.
[[0;32m  OK  [0m] Started Initial cloud-init job (pre-networking).
[[0;32m  OK  [0m] Started Set console font and keymap.
[[0;32m  OK  [0m] Found device /dev/ttyS0.
[[0;32m  OK  [0m] Listening on Load/Save RF Kill Switch Status /dev/rfkill Watch.
[[0;32m  OK  [0m] Created slice system-getty.slice.
[[0;32m  OK  [0m] Reached target Network (Pre).
         Starting Update UTMP about System Boot/Shutdown...
[[0;32m  OK  [0m] Reached target System Time Synchronized.
[[0;32m  OK  [0m] Started LSB: AppArmor initialization.
[[0;32m  OK  [0m] Started ifup for enp0s3.
         Starting Raise network interfaces...
[[0;32m  OK  [0m] Started Update UTMP about System Boot/Shutdown.
[[0;32m  OK  [0m] Started Raise network interfaces.
[[0;32m  OK  [0m] Reached target Network.
         Starting Initial cloud-init job (metadata service crawler)...
[   16.623522] cloud-init[974]: Cloud-init v. 17.1 running 'init' at Wed, 21 Feb 2018 16:15:17 +0000. Up 16.24 seconds.
[   16.647451] cloud-init[974]: ci-info: +++++++++++++++++++++++++++++++++++++Net device info++++++++++++++++++++++++++++++++++++++
[   16.665904] cloud-init[974]: ci-info: +--------+------+----------------------------+---------------+-------+-------------------+
[   16.684167] cloud-init[974]: ci-info: | Device |  Up  |          Address           |      Mask     | Scope |     Hw-Address    |
[[0;32m  OK  [0m] Started Initial cloud-init job (metadata service crawler).
[   16.684429] cloud-init[974]: ci-info: +--------+------+----------------------------+---------------+-------+-------------------+
[   16.717467] cloud-init[974]: ci-info: | enp0s3 | True |         10.0.2.15          | 255.255.255.0 |   .   | 02:1f:2a:60:99:e3 |
[   16.717760] cloud-init[974]: ci-info: | enp0s3 | True | fe80::1f:2aff:fe60:99e3/64 |       .       |  link | 02:1f:2a:60:99:e3 |
[[0;32m  OK  [0m] Reached target System Initialization.
[   16.717876] cloud-init[974]: ci-info: |   lo   | True |         127.0.0.1          |   255.0.0.0   |   .   |         .         |
[   16.731255] cloud-init[974]: ci-info: |   lo   | True |          ::1/128           |       .       |  host |         .         |
[   16.731358] cloud-init[974]: ci-info: +--------+------+----------------------------+---------------+-------+-------------------+
[   16.731490] cloud-init[974]: ci-info: +++++++++++++++++++++++++++Route IPv4 info++++++++++++++++++++++++++++
[   16.731648] cloud-init[974]: ci-info: +-------+-------------+----------+---------------+-----------+-------+
[   16.731782] cloud-init[974]: ci-info: | Route | Destination | Gateway  |    Genmask    | Interface | Flags |
[   16.731912] cloud-init[974]: ci-info: +-------+-------------+----------+---------------+-----------+-------+
[   16.732103] cloud-init[974]: ci-info: |   0   |   0.0.0.0   | 10.0.2.2 |    0.0.0.0    |   enp0s3  |   UG  |
[   16.732193] cloud-init[974]: ci-info: |   1   |   10.0.2.0  | 0.0.0.0  | 255.255.255.0 |   enp0s3  |   U   |
[   16.732329] cloud-init[974]: ci-info: +-------+-------------+----------+---------------+-----------+-------+
[[0;32m  OK  [0m] Started Daily Cleanup of Temporary Directories.
[[0;32m  OK  [0m] Listening on UUID daemon activation socket.
[[0;32m  OK  [0m] Listening on ACPID Listen Socket.
[[0;32m  OK  [0m] Started ACPI Events Check.
[[0;32m  OK  [0m] Reached target Paths.
         Starting LXD - unix socket.
[[0;32m  OK  [0m] Listening on D-Bus System Message Bus Socket.
[[0;32m  OK  [0m] Started Timer to automatically refresh installed snaps.
         Starting Socket activation for snappy daemon.
[[0;32m  OK  [0m] Reached target Cloud-config availability.
[[0;32m  OK  [0m] Reached target Network is Online.
         Starting iSCSI initiator daemon (iscsid)...
[[0;32m  OK  [0m] Started Daily apt download activities.
[[0;32m  OK  [0m] Started Daily apt upgrade and clean activities.
[[0;32m  OK  [0m] Reached target Timers.
[[0;32m  OK  [0m] Listening on LXD - unix socket.
[[0;32m  OK  [0m] Listening on Socket activation for snappy daemon.
[[0;32m  OK  [0m] Started iSCSI initiator daemon (iscsid).
         Starting Login to default iSCSI targets...
[[0;32m  OK  [0m] Reached target Sockets.
[[0;32m  OK  [0m] Reached target Basic System.
[[0;32m  OK  [0m] Started Unattended Upgrades Shutdown.
         Starting Apply the settings specified in cloud-config...
         Starting /etc/rc.local Compatibility...
[[0;32m  OK  [0m] Started Regular background program processing daemon.
         Starting Login Service...
         Starting Accounts Service...
         Starting MySQL Community Server...
         Starting OpenBSD Secure Shell server...
         Starting LSB: Record successful boot for GRUB...
[[0;32m  OK  [0m] Started ACPI event daemon.
         Starting System Logging Service...
[[0;32m  OK  [0m] Started D-Bus System Message Bus.
[[0;32m  OK  [0m] Started Deferred execution scheduler.
         Starting Snappy daemon...
         Starting Puppet agent...
[[0;32m  OK  [0m] Started FUSE filesystem for LXC.
         Starting LSB: MD monitoring daemon...
         Starting LXD - container startup/shutdown...
[[0;32m  OK  [0m] Started System Logging Service.
[[0;32m  OK  [0m] Started OpenBSD Secure Shell server.
[[0;32m  OK  [0m] Started /etc/rc.local Compatibility.
[[0;32m  OK  [0m] Started Login to default iSCSI targets.
[[0;32m  OK  [0m] Started LSB: Record successful boot for GRUB.
[[0;32m  OK  [0m] Started Login Service.
[[0;32m  OK  [0m] Started Snappy daemon.
[[0;32m  OK  [0m] Started LSB: MD monitoring daemon.
[[0;32m  OK  [0m] Started LXD - container startup/shutdown.
         Starting Authenticate and Authorize Users to Run Privileged Tasks...
[[0;32m  OK  [0m] Reached target Remote File Systems (Pre).
[[0;32m  OK  [0m] Reached target Remote File Systems.
         Starting LSB: Apache2 web server...
         Starting Permit User Sessions...
         Starting LSB: daemon to balance interrupts for SMP systems...
         Starting LSB: automatic crash report generation...
         Starting LSB: Set the CPU Frequency Scaling governor to "ondemand"...
         Starting LSB: VirtualBox Linux Additions...
[[0;32m  OK  [0m] Started Permit User Sessions.
[[0;32m  OK  [0m] Started Authenticate and Authorize Users to Run Privileged Tasks.
[[0;32m  OK  [0m] Started Accounts Service.
[   18.230509] cloud-init[1033]: Cloud-init v. 17.1 running 'modules:config' at Wed, 21 Feb 2018 16:15:19 +0000. Up 17.99 seconds.
[[0;32m  OK  [0m] Created slice User Slice of vagrant.
         Starting User Manager for UID 1000...
         Starting Terminate Plymouth Boot Screen...
         Starting Hold until boot process finishes up...
[[0;32m  OK  [0m] Started Apply the settings specified in cloud-config.
[[0;32m  OK  [0m] Started LSB: daemon to balance interrupts for SMP systems.
[[0;32m  OK  [0m] Started LSB: automatic crash report generation.
[[0;32m  OK  [0m] Started LSB: Set the CPU Frequency Scaling governor to "ondemand".
[[0;32m  OK  [0m] Started Terminate Plymouth Boot Screen.
[[0;32m  OK  [0m] Started LSB: VirtualBox Linux Additions.
[[0;32m  OK  [0m] Started Hold until boot process finishes up.
[[0;32m  OK  [0m] Started User Manager for UID 1000.
[[0;32m  OK  [0m] Started Session 1 of user vagrant.
[[0;32m  OK  [0m] Started Serial Getty on ttyS0.
         Starting Set console scheme...
[[0;32m  OK  [0m] Started Getty on tty1.
[[0;32m  OK  [0m] Reached target Login Prompts.
[[0;32m  OK  [0m] Started Set console scheme.
[[0;32m  OK  [0m] Started MySQL Community Server.
[[0;32m  OK  [0m] Started LSB: Apache2 web server.
[[0;32m  OK  [0m] Started Puppet agent.
[[0;32m  OK  [0m] Reached target Multi-User System.
         Starting Execute cloud user/final scripts...
[[0;32m  OK  [0m] Reached target Graphical Interface.
         Starting Update UTMP about System Runlevel Changes...
[[0;32m  OK  [0m] Started Update UTMP about System Runlevel Changes.
[   20.131463] cloud-init[1364]: Cloud-init v. 17.1 running 'modules:final' at Wed, 21 Feb 2018 16:15:21 +0000. Up 20.02 seconds.
[[0;32m  OK  [0m] Started Execute cloud user/final scripts.
[   20.192156] cloud-init[1364]: Cloud-init v. 17.1 finished at Wed, 21 Feb 2018 16:15:21 +0000. Datasource DataSourceNoCloud [seed=/dev/sdb][dsmode=net].  Up 20.12 seconds
[[0;32m  OK  [0m] Reached target Cloud-init target.

Ubuntu 16.04.3 LTS ubuntu-xenial ttyS0

ubuntu-xenial login: 